collected ds_events NSW1: 17521 origins, MAE 44.37
collected ds_events QLD1: 17521 origins, MAE 39.31
collected ds_events TAS1: 17521 origins, MAE 27.77
collected ds_raw NSW1: 17521 origins, MAE 44.50
collected ds_raw QLD1: 17521 origins, MAE 39.26
collected ds_raw TAS1: 17521 origins, MAE 27.76
collected ps_drivers NSW1: 17521 origins, MAE 44.71
collected ps_drivers QLD1: 17521 origins, MAE 39.14
collected ps_drivers TAS1: 17521 origins, MAE 27.64
collected ds_nostate NSW1: 17521 origins, MAE 44.40
collected ds_nostate QLD1: 17521 origins, MAE 39.24
collected ds_nostate TAS1: 17521 origins, MAE 27.52
collected base_drivers NSW1: 17521 origins, MAE 43.57
collected base_drivers QLD1: 17521 origins, MAE 38.54
collected base_drivers TAS1: 17521 origins, MAE 27.27
FAIL best_mae_model mae
FAIL best_mae_model crps
FAIL best_mae_model crps_negative
FAIL best_mae_model q05_negative
FAIL best_mae_model crps_spike
FAIL best_mae_model q95_spike
FAIL best_model mae
FAIL best_model crps
FAIL best_model crps_negative
FAIL best_model q05_negative
FAIL best_model crps_spike
FAIL best_model q95_spike
