/root/workspace/Code/DualTimesField/forecasting/history_probe.py:64: RuntimeWarning: Mean of empty slice
  shared[row] = [np.nanmean(error[i - 3:i]), np.nanmean(error[i - 6:i]), np.nanmean(window),
/root/workspace/Code/DualTimesField/forecasting/history_probe.py:65: RuntimeWarning: Mean of empty slice
  np.nanmean(np.abs(window)), np.nanmax(np.abs(window))]
/root/workspace/Code/DualTimesField/forecasting/history_probe.py:65: RuntimeWarning: All-NaN slice encountered
  np.nanmean(np.abs(window)), np.nanmax(np.abs(window))]
/root/workspace/Code/DualTimesField/.venv/lib/python3.11/site-packages/xgboost/core.py:751: UserWarning: [08:05:23] WARNING: /__w/xgboost/xgboost/src/common/error_msg.cc:62: Falling back to prediction using DMatrix due to mismatched devices. This might lead to higher memory usage and slower performance. XGBoost is running on: cuda:0, while the input data is on: cpu.
Potential solutions:
- Use a data structure that matches the device ordinal in the booster.
- Set the device for booster before call to inplace_predict.

This warning will only be shown once.

  return func(**kwargs)
TAS1 horizon 1: 133 rounds
TAS1 horizon 2: 185 rounds
TAS1 horizon 3: 88 rounds
TAS1 horizon 4: 104 rounds
TAS1 horizon 5: 69 rounds
TAS1 horizon 6: 81 rounds
TAS1 horizon 7: 60 rounds
TAS1 horizon 8: 77 rounds
TAS1 horizon 9: 60 rounds
TAS1 horizon 10: 71 rounds
TAS1 horizon 11: 53 rounds
TAS1 horizon 12: 56 rounds
TAS1 horizon 13: 73 rounds
TAS1 horizon 14: 55 rounds
TAS1 horizon 15: 55 rounds
TAS1 horizon 16: 52 rounds
TAS1 horizon 17: 69 rounds
TAS1 horizon 18: 76 rounds
TAS1 horizon 19: 124 rounds
TAS1 horizon 20: 57 rounds
TAS1 horizon 21: 62 rounds
TAS1 horizon 22: 75 rounds
TAS1 horizon 23: 106 rounds
TAS1 horizon 24: 45 rounds
