/root/workspace/Code/DualTimesField/forecasting/history_probe.py:64: RuntimeWarning: Mean of empty slice
  shared[row] = [np.nanmean(error[i - 3:i]), np.nanmean(error[i - 6:i]), np.nanmean(window),
/root/workspace/Code/DualTimesField/forecasting/history_probe.py:65: RuntimeWarning: Mean of empty slice
  np.nanmean(np.abs(window)), np.nanmax(np.abs(window))]
/root/workspace/Code/DualTimesField/forecasting/history_probe.py:65: RuntimeWarning: All-NaN slice encountered
  np.nanmean(np.abs(window)), np.nanmax(np.abs(window))]
/root/workspace/Code/DualTimesField/.venv/lib/python3.11/site-packages/xgboost/core.py:751: UserWarning: [08:05:41] WARNING: /__w/xgboost/xgboost/src/common/error_msg.cc:62: Falling back to prediction using DMatrix due to mismatched devices. This might lead to higher memory usage and slower performance. XGBoost is running on: cuda:0, while the input data is on: cpu.
Potential solutions:
- Use a data structure that matches the device ordinal in the booster.
- Set the device for booster before call to inplace_predict.

This warning will only be shown once.

  return func(**kwargs)
NSW1 horizon 1: 200 rounds
NSW1 horizon 2: 167 rounds
NSW1 horizon 3: 155 rounds
NSW1 horizon 4: 123 rounds
NSW1 horizon 5: 159 rounds
NSW1 horizon 6: 119 rounds
NSW1 horizon 7: 204 rounds
NSW1 horizon 8: 122 rounds
NSW1 horizon 9: 193 rounds
NSW1 horizon 10: 114 rounds
NSW1 horizon 11: 129 rounds
NSW1 horizon 12: 156 rounds
NSW1 horizon 13: 139 rounds
NSW1 horizon 14: 110 rounds
NSW1 horizon 15: 153 rounds
NSW1 horizon 16: 130 rounds
NSW1 horizon 17: 191 rounds
NSW1 horizon 18: 156 rounds
NSW1 horizon 19: 203 rounds
NSW1 horizon 20: 126 rounds
NSW1 horizon 21: 144 rounds
NSW1 horizon 22: 145 rounds
NSW1 horizon 23: 232 rounds
NSW1 horizon 24: 184 rounds
