/root/workspace/Code/DualTimesField/forecasting/history_probe.py:64: RuntimeWarning: Mean of empty slice
  shared[row] = [np.nanmean(error[i - 3:i]), np.nanmean(error[i - 6:i]), np.nanmean(window),
/root/workspace/Code/DualTimesField/forecasting/history_probe.py:65: RuntimeWarning: Mean of empty slice
  np.nanmean(np.abs(window)), np.nanmax(np.abs(window))]
/root/workspace/Code/DualTimesField/forecasting/history_probe.py:65: RuntimeWarning: All-NaN slice encountered
  np.nanmean(np.abs(window)), np.nanmax(np.abs(window))]
/root/workspace/Code/DualTimesField/.venv/lib/python3.11/site-packages/xgboost/core.py:751: UserWarning: [08:05:18] WARNING: /__w/xgboost/xgboost/src/common/error_msg.cc:62: Falling back to prediction using DMatrix due to mismatched devices. This might lead to higher memory usage and slower performance. XGBoost is running on: cuda:0, while the input data is on: cpu.
Potential solutions:
- Use a data structure that matches the device ordinal in the booster.
- Set the device for booster before call to inplace_predict.

This warning will only be shown once.

  return func(**kwargs)
QLD1 horizon 1: 170 rounds
QLD1 horizon 2: 133 rounds
QLD1 horizon 3: 130 rounds
QLD1 horizon 4: 119 rounds
QLD1 horizon 5: 99 rounds
QLD1 horizon 6: 99 rounds
QLD1 horizon 7: 96 rounds
QLD1 horizon 8: 114 rounds
QLD1 horizon 9: 108 rounds
QLD1 horizon 10: 106 rounds
QLD1 horizon 11: 144 rounds
QLD1 horizon 12: 83 rounds
QLD1 horizon 13: 137 rounds
QLD1 horizon 14: 109 rounds
QLD1 horizon 15: 109 rounds
QLD1 horizon 16: 125 rounds
QLD1 horizon 17: 106 rounds
QLD1 horizon 18: 98 rounds
QLD1 horizon 19: 105 rounds
QLD1 horizon 20: 136 rounds
QLD1 horizon 21: 93 rounds
QLD1 horizon 22: 129 rounds
QLD1 horizon 23: 158 rounds
QLD1 horizon 24: 146 rounds
