/root/workspace/Code/DualTimesField/forecasting/history_probe.py:64: RuntimeWarning: Mean of empty slice
  shared[row] = [np.nanmean(error[i - 3:i]), np.nanmean(error[i - 6:i]), np.nanmean(window),
/root/workspace/Code/DualTimesField/forecasting/history_probe.py:65: RuntimeWarning: Mean of empty slice
  np.nanmean(np.abs(window)), np.nanmax(np.abs(window))]
/root/workspace/Code/DualTimesField/forecasting/history_probe.py:65: RuntimeWarning: All-NaN slice encountered
  np.nanmean(np.abs(window)), np.nanmax(np.abs(window))]
/root/workspace/Code/DualTimesField/.venv/lib/python3.11/site-packages/xgboost/core.py:751: UserWarning: [08:06:59] WARNING: /__w/xgboost/xgboost/src/common/error_msg.cc:62: Falling back to prediction using DMatrix due to mismatched devices. This might lead to higher memory usage and slower performance. XGBoost is running on: cuda:0, while the input data is on: cpu.
Potential solutions:
- Use a data structure that matches the device ordinal in the booster.
- Set the device for booster before call to inplace_predict.

This warning will only be shown once.

  return func(**kwargs)
NSW1 horizon 1: 372 rounds
NSW1 horizon 2: 242 rounds
NSW1 horizon 3: 512 rounds
NSW1 horizon 4: 125 rounds
NSW1 horizon 5: 204 rounds
NSW1 horizon 6: 324 rounds
NSW1 horizon 7: 167 rounds
NSW1 horizon 8: 136 rounds
NSW1 horizon 9: 159 rounds
NSW1 horizon 10: 207 rounds
NSW1 horizon 11: 357 rounds
NSW1 horizon 12: 408 rounds
NSW1 horizon 13: 139 rounds
NSW1 horizon 14: 132 rounds
NSW1 horizon 15: 160 rounds
NSW1 horizon 16: 172 rounds
NSW1 horizon 17: 219 rounds
NSW1 horizon 18: 164 rounds
NSW1 horizon 19: 137 rounds
NSW1 horizon 20: 139 rounds
NSW1 horizon 21: 183 rounds
NSW1 horizon 22: 179 rounds
NSW1 horizon 23: 253 rounds
NSW1 horizon 24: 249 rounds
