/root/workspace/Code/DualTimesField/forecasting/history_probe.py:64: RuntimeWarning: Mean of empty slice
  shared[row] = [np.nanmean(error[i - 3:i]), np.nanmean(error[i - 6:i]), np.nanmean(window),
/root/workspace/Code/DualTimesField/forecasting/history_probe.py:65: RuntimeWarning: Mean of empty slice
  np.nanmean(np.abs(window)), np.nanmax(np.abs(window))]
/root/workspace/Code/DualTimesField/forecasting/history_probe.py:65: RuntimeWarning: All-NaN slice encountered
  np.nanmean(np.abs(window)), np.nanmax(np.abs(window))]
/root/workspace/Code/DualTimesField/.venv/lib/python3.11/site-packages/xgboost/core.py:751: UserWarning: [08:06:47] WARNING: /__w/xgboost/xgboost/src/common/error_msg.cc:62: Falling back to prediction using DMatrix due to mismatched devices. This might lead to higher memory usage and slower performance. XGBoost is running on: cuda:0, while the input data is on: cpu.
Potential solutions:
- Use a data structure that matches the device ordinal in the booster.
- Set the device for booster before call to inplace_predict.

This warning will only be shown once.

  return func(**kwargs)
QLD1 horizon 1: 355 rounds
QLD1 horizon 2: 291 rounds
QLD1 horizon 3: 126 rounds
QLD1 horizon 4: 209 rounds
QLD1 horizon 5: 163 rounds
QLD1 horizon 6: 172 rounds
QLD1 horizon 7: 114 rounds
QLD1 horizon 8: 226 rounds
QLD1 horizon 9: 118 rounds
QLD1 horizon 10: 208 rounds
QLD1 horizon 11: 272 rounds
QLD1 horizon 12: 341 rounds
QLD1 horizon 13: 120 rounds
QLD1 horizon 14: 243 rounds
QLD1 horizon 15: 269 rounds
QLD1 horizon 16: 150 rounds
QLD1 horizon 17: 160 rounds
QLD1 horizon 18: 136 rounds
QLD1 horizon 19: 253 rounds
QLD1 horizon 20: 154 rounds
QLD1 horizon 21: 190 rounds
QLD1 horizon 22: 201 rounds
QLD1 horizon 23: 343 rounds
QLD1 horizon 24: 253 rounds
