/root/workspace/Code/DualTimesField/forecasting/history_probe.py:64: RuntimeWarning: Mean of empty slice
  shared[row] = [np.nanmean(error[i - 3:i]), np.nanmean(error[i - 6:i]), np.nanmean(window),
/root/workspace/Code/DualTimesField/forecasting/history_probe.py:65: RuntimeWarning: Mean of empty slice
  np.nanmean(np.abs(window)), np.nanmax(np.abs(window))]
/root/workspace/Code/DualTimesField/forecasting/history_probe.py:65: RuntimeWarning: All-NaN slice encountered
  np.nanmean(np.abs(window)), np.nanmax(np.abs(window))]
/root/workspace/Code/DualTimesField/.venv/lib/python3.11/site-packages/xgboost/core.py:751: UserWarning: [08:06:36] WARNING: /__w/xgboost/xgboost/src/common/error_msg.cc:62: Falling back to prediction using DMatrix due to mismatched devices. This might lead to higher memory usage and slower performance. XGBoost is running on: cuda:0, while the input data is on: cpu.
Potential solutions:
- Use a data structure that matches the device ordinal in the booster.
- Set the device for booster before call to inplace_predict.

This warning will only be shown once.

  return func(**kwargs)
NSW1 horizon 1: 328 rounds
NSW1 horizon 2: 288 rounds
NSW1 horizon 3: 229 rounds
NSW1 horizon 4: 205 rounds
NSW1 horizon 5: 189 rounds
NSW1 horizon 6: 206 rounds
NSW1 horizon 7: 212 rounds
NSW1 horizon 8: 193 rounds
NSW1 horizon 9: 331 rounds
NSW1 horizon 10: 269 rounds
NSW1 horizon 11: 210 rounds
NSW1 horizon 12: 297 rounds
NSW1 horizon 13: 277 rounds
NSW1 horizon 14: 251 rounds
NSW1 horizon 15: 211 rounds
NSW1 horizon 16: 286 rounds
NSW1 horizon 17: 187 rounds
NSW1 horizon 18: 213 rounds
NSW1 horizon 19: 238 rounds
NSW1 horizon 20: 191 rounds
NSW1 horizon 21: 283 rounds
NSW1 horizon 22: 270 rounds
NSW1 horizon 23: 198 rounds
NSW1 horizon 24: 208 rounds
