/root/workspace/Code/DualTimesField/forecasting/history_probe.py:64: RuntimeWarning: Mean of empty slice
  shared[row] = [np.nanmean(error[i - 3:i]), np.nanmean(error[i - 6:i]), np.nanmean(window),
/root/workspace/Code/DualTimesField/forecasting/history_probe.py:65: RuntimeWarning: Mean of empty slice
  np.nanmean(np.abs(window)), np.nanmax(np.abs(window))]
/root/workspace/Code/DualTimesField/forecasting/history_probe.py:65: RuntimeWarning: All-NaN slice encountered
  np.nanmean(np.abs(window)), np.nanmax(np.abs(window))]
/root/workspace/Code/DualTimesField/.venv/lib/python3.11/site-packages/xgboost/core.py:751: UserWarning: [08:05:58] WARNING: /__w/xgboost/xgboost/src/common/error_msg.cc:62: Falling back to prediction using DMatrix due to mismatched devices. This might lead to higher memory usage and slower performance. XGBoost is running on: cuda:0, while the input data is on: cpu.
Potential solutions:
- Use a data structure that matches the device ordinal in the booster.
- Set the device for booster before call to inplace_predict.

This warning will only be shown once.

  return func(**kwargs)
QLD1 horizon 1: 238 rounds
QLD1 horizon 2: 197 rounds
QLD1 horizon 3: 214 rounds
QLD1 horizon 4: 206 rounds
QLD1 horizon 5: 135 rounds
QLD1 horizon 6: 157 rounds
QLD1 horizon 7: 175 rounds
QLD1 horizon 8: 142 rounds
QLD1 horizon 9: 155 rounds
QLD1 horizon 10: 181 rounds
QLD1 horizon 11: 166 rounds
QLD1 horizon 12: 176 rounds
QLD1 horizon 13: 169 rounds
QLD1 horizon 14: 170 rounds
QLD1 horizon 15: 157 rounds
QLD1 horizon 16: 167 rounds
QLD1 horizon 17: 163 rounds
QLD1 horizon 18: 149 rounds
QLD1 horizon 19: 149 rounds
QLD1 horizon 20: 152 rounds
QLD1 horizon 21: 171 rounds
QLD1 horizon 22: 195 rounds
QLD1 horizon 23: 149 rounds
QLD1 horizon 24: 180 rounds
