/root/workspace/Code/DualTimesField/forecasting/history_probe.py:64: RuntimeWarning: Mean of empty slice
  shared[row] = [np.nanmean(error[i - 3:i]), np.nanmean(error[i - 6:i]), np.nanmean(window),
/root/workspace/Code/DualTimesField/forecasting/history_probe.py:65: RuntimeWarning: Mean of empty slice
  np.nanmean(np.abs(window)), np.nanmax(np.abs(window))]
/root/workspace/Code/DualTimesField/forecasting/history_probe.py:65: RuntimeWarning: All-NaN slice encountered
  np.nanmean(np.abs(window)), np.nanmax(np.abs(window))]
/root/workspace/Code/DualTimesField/.venv/lib/python3.11/site-packages/xgboost/core.py:751: UserWarning: [08:05:29] WARNING: /__w/xgboost/xgboost/src/common/error_msg.cc:62: Falling back to prediction using DMatrix due to mismatched devices. This might lead to higher memory usage and slower performance. XGBoost is running on: cuda:0, while the input data is on: cpu.
Potential solutions:
- Use a data structure that matches the device ordinal in the booster.
- Set the device for booster before call to inplace_predict.

This warning will only be shown once.

  return func(**kwargs)
TAS1 horizon 1: 186 rounds
TAS1 horizon 2: 133 rounds
TAS1 horizon 3: 171 rounds
TAS1 horizon 4: 155 rounds
TAS1 horizon 5: 129 rounds
TAS1 horizon 6: 122 rounds
TAS1 horizon 7: 138 rounds
TAS1 horizon 8: 131 rounds
TAS1 horizon 9: 117 rounds
TAS1 horizon 10: 119 rounds
TAS1 horizon 11: 117 rounds
TAS1 horizon 12: 124 rounds
TAS1 horizon 13: 143 rounds
TAS1 horizon 14: 145 rounds
TAS1 horizon 15: 117 rounds
TAS1 horizon 16: 96 rounds
TAS1 horizon 17: 110 rounds
TAS1 horizon 18: 144 rounds
TAS1 horizon 19: 118 rounds
TAS1 horizon 20: 119 rounds
TAS1 horizon 21: 121 rounds
TAS1 horizon 22: 119 rounds
TAS1 horizon 23: 113 rounds
TAS1 horizon 24: 163 rounds
