stitched outputs/forecasting/baselines_rolling_pd/raw/xgboost seed 2026
stitched outputs/forecasting/baselines_rolling_pd/raw/xgboost seed 2027
stitched outputs/forecasting/baselines_rolling_pd/raw/xgboost seed 2028
stitched outputs/forecasting/baselines_rolling_pd/raw/patchtst seed 2026
stitched outputs/forecasting/baselines_rolling_pd/raw/patchtst seed 2027
stitched outputs/forecasting/baselines_rolling_pd/raw/patchtst seed 2028
stitched outputs/forecasting/baselines_rolling_pd/raw/dlinear seed 2026
stitched outputs/forecasting/baselines_rolling_pd/raw/dlinear seed 2027
stitched outputs/forecasting/baselines_rolling_pd/raw/dlinear seed 2028
stitched outputs/forecasting/baselines_rolling_pd/raw/linear_mse seed 2026
stitched outputs/forecasting/baselines_rolling_pd/raw/linear_mse seed 2027
stitched outputs/forecasting/baselines_rolling_pd/raw/linear_mse seed 2028
stitched outputs/forecasting/baselines_rolling_pd/capped650/xgboost seed 2026
stitched outputs/forecasting/baselines_rolling_pd/capped650/xgboost seed 2027
stitched outputs/forecasting/baselines_rolling_pd/capped650/xgboost seed 2028
stitched outputs/forecasting/baselines_rolling_pd/capped650/patchtst seed 2026
stitched outputs/forecasting/baselines_rolling_pd/capped650/patchtst seed 2027
stitched outputs/forecasting/baselines_rolling_pd/capped650/patchtst seed 2028
stitched outputs/forecasting/baselines_rolling_pd/capped650/dlinear seed 2026
stitched outputs/forecasting/baselines_rolling_pd/capped650/dlinear seed 2027
stitched outputs/forecasting/baselines_rolling_pd/capped650/dlinear seed 2028
stitched outputs/forecasting/baselines_rolling_pd/capped650/linear_mse seed 2026
stitched outputs/forecasting/baselines_rolling_pd/capped650/linear_mse seed 2027
stitched outputs/forecasting/baselines_rolling_pd/capped650/linear_mse seed 2028
