NSW1 {'train': 67729, 'val': 2185, 'test': 17521}
NSW1|300 cal 0.0419 0.7631
NSW1|300 P 0.2122 0.8642
NSW1|300 F 0.2396 0.893
NSW1|300 F+R 0.2266 0.8903
NSW1|300 F+T 0.2659 0.9134
NSW1|300 F+R+T 0.2748 0.921
NSW1|300 S 0.2003 0.8447
NSW1|300 S+P 0.4103 0.9448
NSW1|300 S+R 0.3303 0.9312
NSW1|300 S+T 0.3639 0.9243
NSW1|300 S+R+T 0.3673 0.9354
NSW1|300 S+P+R+T 0.4099 0.9463
NSW1|1000 cal 0.0294 0.8508
NSW1|1000 P 0.0685 0.8969
NSW1|1000 F 0.0779 0.8962
NSW1|1000 F+R 0.0696 0.8951
NSW1|1000 F+T 0.0719 0.8715
NSW1|1000 F+R+T 0.0928 0.9071
NSW1|1000 S 0.0816 0.9062
NSW1|1000 S+P 0.0857 0.9333
NSW1|1000 S+R 0.1542 0.9241
NSW1|1000 S+T 0.1424 0.9465
NSW1|1000 S+R+T 0.1431 0.9494
NSW1|1000 S+P+R+T 0.0941 0.8983
QLD1 {'train': 67729, 'val': 2185, 'test': 17521}
QLD1|300 cal 0.0439 0.7686
QLD1|300 P 0.3245 0.9332
QLD1|300 F 0.1837 0.8748
QLD1|300 F+R 0.2039 0.8996
QLD1|300 F+T 0.1934 0.8909
QLD1|300 F+R+T 0.1971 0.8972
QLD1|300 S 0.3098 0.9441
QLD1|300 S+P 0.442 0.9556
QLD1|300 S+R 0.3201 0.9497
QLD1|300 S+T 0.3674 0.9558
QLD1|300 S+R+T 0.3773 0.9564
QLD1|300 S+P+R+T 0.4458 0.9613
QLD1|1000 cal 0.0262 0.8571
QLD1|1000 P 0.0523 0.8961
QLD1|1000 F 0.1109 0.9405
QLD1|1000 F+R 0.1107 0.9348
QLD1|1000 F+T 0.1009 0.9402
QLD1|1000 F+R+T 0.0749 0.9259
QLD1|1000 S 0.1716 0.95
QLD1|1000 S+P 0.1111 0.9347
QLD1|1000 S+R 0.1717 0.9525
QLD1|1000 S+T 0.1885 0.9558
QLD1|1000 S+R+T 0.172 0.9587
QLD1|1000 S+P+R+T 0.123 0.9402
TAS1 {'train': 67729, 'val': 2185, 'test': 17521}
TAS1|300 cal 0.0097 0.6796
TAS1|300 P 0.1866 0.912
TAS1|300 F 0.0281 0.8543
TAS1|300 F+R 0.0376 0.8666
TAS1|300 F+T 0.1542 0.8753
TAS1|300 F+R+T 0.0493 0.7054
TAS1|300 S 0.1231 0.9062
TAS1|300 S+P 0.2538 0.9147
TAS1|300 S+R 0.0654 0.8771
TAS1|300 S+T 0.1989 0.9196
TAS1|300 S+R+T 0.192 0.9208
TAS1|300 S+P+R+T 0.2373 0.9209
TAS1|1000 cal 0.0026 0.6939
TAS1|1000 P 0.0096 0.6653
TAS1|1000 F 0.0015 0.6319
TAS1|1000 F+R 0.0022 0.6458
TAS1|1000 F+T 0.0025 0.6953
TAS1|1000 F+R+T 0.0022 0.6591
TAS1|1000 S 0.0023 0.6726
TAS1|1000 S+P 0.006 0.6343
TAS1|1000 S+R 0.0066 0.7624
TAS1|1000 S+T 0.0049 0.7403
TAS1|1000 S+R+T 0.0048 0.7681
TAS1|1000 S+P+R+T 0.0055 0.7354
